20.193.135.50 - - [02/Sep/2022:08:21:18 +0000] "POST /blog/xmlrpc.php HTTP/1.1" 405 31 "-" "Mozilla/5.0 (Windows NT 10.0; Win64; x64) AppleWebKit/537.36 (KHTML, like Gecko) Chrome/79.0.3945.88 Safari/537.36"
20.193.135.50 - - [02/Sep/2022:08:21:18 +0000] "POST /blog/xmlrpc.php HTTP/1.1" 405 31 "-" "Mozilla/5.0 (Windows NT 10.0; Win64; x64) AppleWebKit/537.36 (KHTML, like Gecko) Chrome/79.0.3945.88 Safari/537.36"
20.193.135.50 - - [02/Sep/2022:08:21:18 +0000] "POST /blog/xmlrpc.php HTTP/1.1" 405 31 "-" "Mozilla/5.0 (Windows NT 10.0; Win64; x64) AppleWebKit/537.36 (KHTML, like Gecko) Chrome/79.0.3945.88 Safari/537.36"
20.193.135.50 - - [02/Sep/2022:08:21:19 +0000] "POST /blog/xmlrpc.php HTTP/1.1" 405 31 "-" "Mozilla/5.0 (Windows NT 10.0; Win64; x64) AppleWebKit/537.36 (KHTML, like Gecko) Chrome/79.0.3945.88 Safari/537.36"
20.193.135.50 - - [02/Sep/2022:08:21:19 +0000] "POST /blog/xmlrpc.php HTTP/1.1" 405 31 "-" "Mozilla/5.0 (Windows NT 10.0; Win64; x64) AppleWebKit/537.36 (KHTML, like Gecko) Chrome/79.0.3945.88 Safari/537.36"
20.193.135.50 - - [02/Sep/2022:08:21:19 +0000] "POST /blog/xmlrpc.php HTTP/1.1" 405 31 "-" "Mozilla/5.0 (Windows NT 10.0; Win64; x64) AppleWebKit/537.36 (KHTML, like Gecko) Chrome/79.0.3945.88 Safari/537.36"
20.193.135.50 - - [02/Sep/2022:08:21:19 +0000] "POST /blog/xmlrpc.php HTTP/1.1" 405 31 "-" "Mozilla/5.0 (Windows NT 10.0; Win64; x64) AppleWebKit/537.36 (KHTML, like Gecko) Chrome/79.0.3945.88 Safari/537.36"
20.193.135.50 - - [02/Sep/2022:08:21:19 +0000] "POST /blog/xmlrpc.php HTTP/1.1" 405 31 "-" "Mozilla/5.0 (Windows NT 10.0; Win64; x64) AppleWebKit/537.36 (KHTML, like Gecko) Chrome/79.0.3945.88 Safari/537.36"
20.193.135.50 - - [02/Sep/2022:08:21:20 +0000] "POST /blog/xmlrpc.php HTTP/1.1" 405 31 "-" "Mozilla/5.0 (Windows NT 10.0; Win64; x64) AppleWebKit/537.36 (KHTML, like Gecko) Chrome/79.0.3945.88 Safari/537.36"
20.193.135.50 - - [02/Sep/2022:08:21:20 +0000] "POST /blog/xmlrpc.php HTTP/1.1" 405 31 "-" "Mozilla/5.0 (Windows NT 10.0; Win64; x64) AppleWebKit/537.36 (KHTML, like Gecko) Chrome/79.0.3945.88 Safari/537.36"
20.193.135.50 - - [02/Sep/2022:08:21:20 +0000] "POST /blog/xmlrpc.php HTTP/1.1" 405 31 "-" "Mozilla/5.0 (Windows NT 10.0; Win64; x64) AppleWebKit/537.36 (KHTML, like Gecko) Chrome/79.0.3945.88 Safari/537.36"
20.193.135.50 - - [02/Sep/2022:08:21:20 +0000] "POST /blog/xmlrpc.php HTTP/1.1" 405 31 "-" "Mozilla/5.0 (Windows NT 10.0; Win64; x64) AppleWebKit/537.36 (KHTML, like Gecko) Chrome/79.0.3945.88 Safari/537.36"
20.193.135.50 - - [02/Sep/2022:08:21:21 +0000] "POST /blog/xmlrpc.php HTTP/1.1" 405 31 "-" "Mozilla/5.0 (Windows NT 10.0; Win64; x64) AppleWebKit/537.36 (KHTML, like Gecko) Chrome/79.0.3945.88 Safari/537.36"
20.193.135.50 - - [02/Sep/2022:08:21:21 +0000] "POST /blog/xmlrpc.php HTTP/1.1" 405 31 "-" "Mozilla/5.0 (Windows NT 10.0; Win64; x64) AppleWebKit/537.36 (KHTML, like Gecko) Chrome/79.0.3945.88 Safari/537.36"
20.193.135.50 - - [02/Sep/2022:08:21:21 +0000] "POST /blog/xmlrpc.php HTTP/1.1" 405 31 "-" "Mozilla/5.0 (Windows NT 10.0; Win64; x64) AppleWebKit/537.36 (KHTML, like Gecko) Chrome/79.0.3945.88 Safari/537.36"
20.193.135.50 - - [02/Sep/2022:08:21:21 +0000] "POST /blog/xmlrpc.php HTTP/1.1" 405 31 "-" "Mozilla/5.0 (Windows NT 10.0; Win64; x64) AppleWebKit/537.36 (KHTML, like Gecko) Chrome/79.0.3945.88 Safari/537.36"
20.193.135.50 - - [02/Sep/2022:08:21:22 +0000] "POST /blog/xmlrpc.php HTTP/1.1" 405 31 "-" "Mozilla/5.0 (Windows NT 10.0; Win64; x64) AppleWebKit/537.36 (KHTML, like Gecko) Chrome/79.0.3945.88 Safari/537.36"
20.193.135.50 - - [02/Sep/2022:08:21:22 +0000] "POST /blog/xmlrpc.php HTTP/1.1" 405 31 "-" "Mozilla/5.0 (Windows NT 10.0; Win64; x64) AppleWebKit/537.36 (KHTML, like Gecko) Chrome/79.0.3945.88 Safari/537.36"
20.193.135.50 - - [02/Sep/2022:08:21:22 +0000] "POST /blog/xmlrpc.php HTTP/1.1" 405 31 "-" "Mozilla/5.0 (Windows NT 10.0; Win64; x64) AppleWebKit/537.36 (KHTML, like Gecko) Chrome/79.0.3945.88 Safari/537.36"
20.193.135.50 - - [02/Sep/2022:08:21:22 +0000] "POST /blog/xmlrpc.php HTTP/1.1" 405 31 "-" "Mozilla/5.0 (Windows NT 10.0; Win64; x64) AppleWebKit/537.36 (KHTML, like Gecko) Chrome/79.0.3945.88 Safari/537.36"
20.193.135.50 - - [02/Sep/2022:08:21:23 +0000] "POST /blog/xmlrpc.php HTTP/1.1" 405 31 "-" "Mozilla/5.0 (Windows NT 10.0; Win64; x64) AppleWebKit/537.36 (KHTML, like Gecko) Chrome/79.0.3945.88 Safari/537.36"
20.193.135.50 - - [02/Sep/2022:08:21:23 +0000] "POST /blog/xmlrpc.php HTTP/1.1" 405 31 "-" "Mozilla/5.0 (Windows NT 10.0; Win64; x64) AppleWebKit/537.36 (KHTML, like Gecko) Chrome/79.0.3945.88 Safari/537.36"
20.193.135.50 - - [02/Sep/2022:08:21:23 +0000] "POST /blog/xmlrpc.php HTTP/1.1" 405 31 "-" "Mozilla/5.0 (Windows NT 10.0; Win64; x64) AppleWebKit/537.36 (KHTML, like Gecko) Chrome/79.0.3945.88 Safari/537.36"
20.193.135.50 - - [02/Sep/2022:08:21:23 +0000] "POST /blog/xmlrpc.php HTTP/1.1" 405 31 "-" "Mozilla/5.0 (Windows NT 10.0; Win64; x64) AppleWebKit/537.36 (KHTML, like Gecko) Chrome/79.0.3945.88 Safari/537.36"
20.193.135.50 - - [02/Sep/2022:08:21:24 +0000] "POST /blog/xmlrpc.php HTTP/1.1" 405 31 "-" "Mozilla/5.0 (Windows NT 10.0; Win64; x64) AppleWebKit/537.36 (KHTML, like Gecko) Chrome/79.0.3945.88 Safari/537.36"
20.193.135.50 - - [02/Sep/2022:08:21:24 +0000] "POST /blog/xmlrpc.php HTTP/1.1" 405 31 "-" "Mozilla/5.0 (Windows NT 10.0; Win64; x64) AppleWebKit/537.36 (KHTML, like Gecko) Chrome/79.0.3945.88 Safari/537.36"
20.193.135.50 - - [02/Sep/2022:08:21:24 +0000] "POST /blog/xmlrpc.php HTTP/1.1" 405 31 "-" "Mozilla/5.0 (Windows NT 10.0; Win64; x64) AppleWebKit/537.36 (KHTML, like Gecko) Chrome/79.0.3945.88 Safari/537.36"
20.193.135.50 - - [02/Sep/2022:08:21:24 +0000] "POST /blog/xmlrpc.php HTTP/1.1" 405 31 "-" "Mozilla/5.0 (Windows NT 10.0; Win64; x64) AppleWebKit/537.36 (KHTML, like Gecko) Chrome/79.0.3945.88 Safari/537.36"
20.193.135.50 - - [02/Sep/2022:08:21:25 +0000] "POST /blog/xmlrpc.php HTTP/1.1" 405 31 "-" "Mozilla/5.0 (Windows NT 10.0; Win64; x64) AppleWebKit/537.36 (KHTML, like Gecko) Chrome/79.0.3945.88 Safari/537.36"
20.193.135.50 - - [02/Sep/2022:08:21:25 +0000] "POST /blog/xmlrpc.php HTTP/1.1" 405 31 "-" "Mozilla/5.0 (Windows NT 10.0; Win64; x64) AppleWebKit/537.36 (KHTML, like Gecko) Chrome/79.0.3945.88 Safari/537.36"
20.193.135.50 - - [02/Sep/2022:08:21:25 +0000] "POST /blog/xmlrpc.php HTTP/1.1" 405 31 "-" "Mozilla/5.0 (Windows NT 10.0; Win64; x64) AppleWebKit/537.36 (KHTML, like Gecko) Chrome/79.0.3945.88 Safari/537.36"
20.193.135.50 - - [02/Sep/2022:08:21:25 +0000] "POST /blog/xmlrpc.php HTTP/1.1" 405 31 "-" "Mozilla/5.0 (Windows NT 10.0; Win64; x64) AppleWebKit/537.36 (KHTML, like Gecko) Chrome/79.0.3945.88 Safari/537.36"
20.193.135.50 - - [02/Sep/2022:08:21:26 +0000] "POST /blog/xmlrpc.php HTTP/1.1" 405 31 "-" "Mozilla/5.0 (Windows NT 10.0; Win64; x64) AppleWebKit/537.36 (KHTML, like Gecko) Chrome/79.0.3945.88 Safari/537.36"
20.193.135.50 - - [02/Sep/2022:08:21:26 +0000] "POST /blog/xmlrpc.php HTTP/1.1" 405 31 "-" "Mozilla/5.0 (Windows NT 10.0; Win64; x64) AppleWebKit/537.36 (KHTML, like Gecko) Chrome/79.0.3945.88 Safari/537.36"
20.193.135.50 - - [02/Sep/2022:08:21:26 +0000] "POST /blog/xmlrpc.php HTTP/1.1" 405 31 "-" "Mozilla/5.0 (Windows NT 10.0; Win64; x64) AppleWebKit/537.36 (KHTML, like Gecko) Chrome/79.0.3945.88 Safari/537.36"
20.193.135.50 - - [02/Sep/2022:08:21:26 +0000] "POST /blog/xmlrpc.php HTTP/1.1" 405 31 "-" "Mozilla/5.0 (Windows NT 10.0; Win64; x64) AppleWebKit/537.36 (KHTML, like Gecko) Chrome/79.0.3945.88 Safari/537.36"
20.193.135.50 - - [02/Sep/2022:08:21:27 +0000] "POST /blog/xmlrpc.php HTTP/1.1" 405 31 "-" "Mozilla/5.0 (Windows NT 10.0; Win64; x64) AppleWebKit/537.36 (KHTML, like Gecko) Chrome/79.0.3945.88 Safari/537.36"
20.193.135.50 - - [02/Sep/2022:08:21:27 +0000] "POST /blog/xmlrpc.php HTTP/1.1" 405 31 "-" "Mozilla/5.0 (Windows NT 10.0; Win64; x64) AppleWebKit/537.36 (KHTML, like Gecko) Chrome/79.0.3945.88 Safari/537.36"
20.193.135.50 - - [02/Sep/2022:08:21:27 +0000] "POST /blog/xmlrpc.php HTTP/1.1" 405 31 "-" "Mozilla/5.0 (Windows NT 10.0; Win64; x64) AppleWebKit/537.36 (KHTML, like Gecko) Chrome/79.0.3945.88 Safari/537.36"
20.193.135.50 - - [02/Sep/2022:08:21:27 +0000] "POST /blog/xmlrpc.php HTTP/1.1" 405 31 "-" "Mozilla/5.0 (Windows NT 10.0; Win64; x64) AppleWebKit/537.36 (KHTML, like Gecko) Chrome/79.0.3945.88 Safari/537.36"
20.193.135.50 - - [02/Sep/2022:08:21:28 +0000] "POST /blog/xmlrpc.php HTTP/1.1" 405 31 "-" "Mozilla/5.0 (Windows NT 10.0; Win64; x64) AppleWebKit/537.36 (KHTML, like Gecko) Chrome/79.0.3945.88 Safari/537.36"
20.193.135.50 - - [02/Sep/2022:08:21:28 +0000] "POST /blog/xmlrpc.php HTTP/1.1" 405 31 "-" "Mozilla/5.0 (Windows NT 10.0; Win64; x64) AppleWebKit/537.36 (KHTML, like Gecko) Chrome/79.0.3945.88 Safari/537.36"
20.193.135.50 - - [02/Sep/2022:08:21:28 +0000] "POST /blog/xmlrpc.php HTTP/1.1" 405 31 "-" "Mozilla/5.0 (Windows NT 10.0; Win64; x64) AppleWebKit/537.36 (KHTML, like Gecko) Chrome/79.0.3945.88 Safari/537.36"
20.193.135.50 - - [02/Sep/2022:08:21:28 +0000] "POST /blog/xmlrpc.php HTTP/1.1" 405 31 "-" "Mozilla/5.0 (Windows NT 10.0; Win64; x64) AppleWebKit/537.36 (KHTML, like Gecko) Chrome/79.0.3945.88 Safari/537.36"
20.193.135.50 - - [02/Sep/2022:08:21:29 +0000] "POST /blog/xmlrpc.php HTTP/1.1" 405 31 "-" "Mozilla/5.0 (Windows NT 10.0; Win64; x64) AppleWebKit/537.36 (KHTML, like Gecko) Chrome/79.0.3945.88 Safari/537.36"
20.193.135.50 - - [02/Sep/2022:08:21:29 +0000] "POST /blog/xmlrpc.php HTTP/1.1" 405 31 "-" "Mozilla/5.0 (Windows NT 10.0; Win64; x64) AppleWebKit/537.36 (KHTML, like Gecko) Chrome/79.0.3945.88 Safari/537.36"
20.193.135.50 - - [02/Sep/2022:08:21:29 +0000] "POST /blog/xmlrpc.php HTTP/1.1" 405 31 "-" "Mozilla/5.0 (Windows NT 10.0; Win64; x64) AppleWebKit/537.36 (KHTML, like Gecko) Chrome/79.0.3945.88 Safari/537.36"
20.193.135.50 - - [02/Sep/2022:08:21:29 +0000] "POST /blog/xmlrpc.php HTTP/1.1" 405 31 "-" "Mozilla/5.0 (Windows NT 10.0; Win64; x64) AppleWebKit/537.36 (KHTML, like Gecko) Chrome/79.0.3945.88 Safari/537.36"
20.193.135.50 - - [02/Sep/2022:08:21:29 +0000] "POST /blog/xmlrpc.php HTTP/1.1" 405 31 "-" "Mozilla/5.0 (Windows NT 10.0; Win64; x64) AppleWebKit/537.36 (KHTML, like Gecko) Chrome/79.0.3945.88 Safari/537.36"
20.193.135.50 - - [02/Sep/2022:08:21:30 +0000] "POST /blog/xmlrpc.php HTTP/1.1" 405 31 "-" "Mozilla/5.0 (Windows NT 10.0; Win64; x64) AppleWebKit/537.36 (KHTML, like Gecko) Chrome/79.0.3945.88 Safari/537.36"
20.193.135.50 - - [02/Sep/2022:08:21:30 +0000] "POST /blog/xmlrpc.php HTTP/1.1" 405 31 "-" "Mozilla/5.0 (Windows NT 10.0; Win64; x64) AppleWebKit/537.36 (KHTML, like Gecko) Chrome/79.0.3945.88 Safari/537.36"
20.193.135.50 - - [02/Sep/2022:08:21:30 +0000] "POST /blog/xmlrpc.php HTTP/1.1" 405 31 "-" "Mozilla/5.0 (Windows NT 10.0; Win64; x64) AppleWebKit/537.36 (KHTML, like Gecko) Chrome/79.0.3945.88 Safari/537.36"
20.193.135.50 - - [02/Sep/2022:08:21:30 +0000] "POST /blog/xmlrpc.php HTTP/1.1" 405 31 "-" "Mozilla/5.0 (Windows NT 10.0; Win64; x64) AppleWebKit/537.36 (KHTML, like Gecko) Chrome/79.0.3945.88 Safari/537.36"
20.193.135.50 - - [02/Sep/2022:08:21:31 +0000] "POST /blog/xmlrpc.php HTTP/1.1" 405 31 "-" "Mozilla/5.0 (Windows NT 10.0; Win64; x64) AppleWebKit/537.36 (KHTML, like Gecko) Chrome/79.0.3945.88 Safari/537.36"
20.193.135.50 - - [02/Sep/2022:08:21:31 +0000] "POST /blog/xmlrpc.php HTTP/1.1" 405 31 "-" "Mozilla/5.0 (Windows NT 10.0; Win64; x64) AppleWebKit/537.36 (KHTML, like Gecko) Chrome/79.0.3945.88 Safari/537.36"
195.37.190.89 - - [02/Sep/2022:08:43:39 +0000] "GET / HTTP/1.1" 200 11580 "-" "Mozilla/5.0 zgrab/0.x"
64.41.200.113 - - [02/Sep/2022:08:44:10 +0000] "GET / HTTP/1.1" 200 26360 "-" "Mozilla/5.0 (X11; Linux x86_64; rv:45.0) Gecko/20100101 Firefox/45.0"
185.209.196.132 - - [02/Sep/2022:08:44:12 +0000] "GET /.git/config HTTP/1.1" 422 398 "-" "Mozilla/5.0 (Windows NT 10.0; Win64; x64) AppleWebKit/537.36 (KHTML, like Gecko) Chrome/42.0.2311.135 Safari/537.36 Edge/12.246"
64.41.200.113 - - [02/Sep/2022:08:44:13 +0000] "GET /?SSL_Labs_Renegotiation_Test=User_Agent_May_Not_Show HTTP/1.0" 400 0 "-" "SSL Labs (https://www.ssllabs.com/about/assessment.html)"
66.249.66.193 - - [02/Sep/2022:08:45:01 +0000] "GET /ci-cd/cleaning-up-after-uninstalling-docker-in-ubuntu HTTP/1.1" 200 8705 "-" "Mozilla/5.0 (Linux; Android 6.0.1; Nexus 5X Build/MMB29P) AppleWebKit/537.36 (KHTML, like Gecko) Chrome/104.0.5112.101 Mobile Safari/537.36 (compatible; Googlebot/2.1; +http://www.google.com/bot.html)"
66.249.66.193 - - [02/Sep/2022:08:56:17 +0000] "GET /wp-sitemap-posts-post-1.xml HTTP/1.1" 404 22 "-" "Mozilla/5.0 (compatible; Googlebot/2.1; +http://www.google.com/bot.html)"
45.200.120.200 - - [02/Sep/2022:08:57:57 +0000] "POST /xmlrpc.php HTTP/1.1" 404 22 "-" "Mozilla/5.0 (Windows NT 6.1; Win64; x64) AppleWebKit/537.36 (KHTML, like Gecko) Chrome/63.0.3239.132 Safari/537.36"
94.229.172.204 - - [02/Sep/2022:08:57:59 +0000] "POST /xmlrpc.php HTTP/1.1" 404 22 "-" "Mozilla/5.0 (Windows NT 10.0; Win64; x64; rv:61.0) Gecko/20100101 Firefox/61.0"
94.229.172.204 - - [02/Sep/2022:08:58:00 +0000] "POST /xmlrpc.php HTTP/1.1" 404 22 "-" "Mozilla/5.0 (Windows NT 6.1; Win64; x64; rv:61.0) Gecko/20100101 Firefox/61.0"
45.200.120.200 - - [02/Sep/2022:08:58:01 +0000] "POST /xmlrpc.php HTTP/1.1" 404 22 "-" "Mozilla/5.0 (Windows NT 10.0; Win64; x64; rv:66.0) Gecko/20100101 Firefox/66.0"
45.200.120.200 - - [02/Sep/2022:08:58:08 +0000] "POST /xmlrpc.php HTTP/1.1" 404 22 "-" "Mozilla/5.0 (Windows NT 10.0; WOW64) AppleWebKit/537.36 (KHTML, like Gecko) Chrome/91.0.4472.114 Safari/537.36"
45.200.120.200 - - [02/Sep/2022:08:58:08 +0000] "POST /xmlrpc.php HTTP/1.1" 404 22 "-" "Mozilla/5.0 (Windows NT 6.1; WOW64; rv:45.0) Gecko/20100101 Firefox/45.0"
144.126.211.238 - - [02/Sep/2022:08:58:14 +0000] "POST /xmlrpc.php HTTP/1.1" 404 22 "-" "Mozilla/5.0 (Windows NT 6.1; WOW64; rv:38.0) Gecko/20100101 Firefox/38.0"
191.30.12.90 - - [02/Sep/2022:08:58:19 +0000] "POST /xmlrpc.php HTTP/1.1" 404 22 "-" "Mozilla/5.0 (Windows NT 10.0; Win64; x64; rv:62.0) Gecko/20100101 Firefox/62.0"
146.56.117.106 - - [02/Sep/2022:08:58:20 +0000] "POST /xmlrpc.php HTTP/1.1" 404 22 "-" "Mozilla/5.0 (X11; Linux x86_64) AppleWebKit/537.36 (KHTML, like Gecko) Chrome/44.0.2403.157 Safari/537.36"
144.126.211.238 - - [02/Sep/2022:08:58:24 +0000] "POST /xmlrpc.php HTTP/1.1" 404 22 "-" "Mozilla/5.0 (Windows NT 10.0; Win64; x64) AppleWebKit/537.36 (KHTML, like Gecko) Chrome/80.0.3987.163 Safari/537.36"
45.200.120.200 - - [02/Sep/2022:08:58:28 +0000] "POST /xmlrpc.php HTTP/1.1" 404 22 "-" "Mozilla/5.0 (Windows NT 10.0; Win64; x64; rv:79.0) Gecko/20100101 Firefox/79.0"
47.241.3.166 - - [02/Sep/2022:08:58:32 +0000] "POST /xmlrpc.php HTTP/1.1" 404 22 "-" "Mozilla/5.0 (Windows NT 6.1; Win64; x64) AppleWebKit/537.36 (KHTML, like Gecko) Chrome/74.0.3729.169 Safari/537.36"
94.229.172.204 - - [02/Sep/2022:08:58:35 +0000] "POST /xmlrpc.php HTTP/1.1" 404 22 "-" "Mozilla/5.0 (Windows; U; Windows NT 5.1; en-US; rv:1.7.12) Gecko/20050915 Firefox/1.0.7"
167.94.146.57 - - [02/Sep/2022:09:07:23 +0000] "GET /wp-content/uploads/2022/02/cropped-sb3-32x32.png HTTP/1.1" 404 22 "-" "Go-http-client/1.1"
167.94.146.57 - - [02/Sep/2022:09:07:23 +0000] "GET /wp-content/uploads/2022/02/cropped-sb3-192x192.png HTTP/1.1" 404 22 "-" "Go-http-client/1.1"
167.94.146.57 - - [02/Sep/2022:09:07:23 +0000] "GET /wp-content/uploads/2022/02/cropped-sb3-180x180.png HTTP/1.1" 404 22 "-" "Go-http-client/1.1"
152.89.196.62 - - [02/Sep/2022:09:23:27 +0000] "POST /vendor/phpunit/phpunit/src/Util/PHP/eval-stdin.php HTTP/1.1" 404 22 "-" "Mozilla/5.0 (Windows NT 10.0; Win64; x64) AppleWebKit/537.36 (KHTML, like Gecko) Chrome/78.0.3904.108 Safari/537.36"
66.249.66.195 - - [02/Sep/2022:09:23:37 +0000] "GET /feed/ HTTP/1.1" 404 22 "-" "Mozilla/5.0 (compatible; Googlebot/2.1; +http://www.google.com/bot.html)"
142.93.74.73 - - [02/Sep/2022:09:24:06 +0000] "POST /xmlrpc.php HTTP/1.1" 404 22 "-" "Mozilla/5.0 (Windows NT 10.0; Win64; x64) AppleWebKit/537.36 (KHTML, like Gecko) Chrome/80.0.3987.163 Safari/537.36"
47.241.3.166 - - [02/Sep/2022:09:24:07 +0000] "POST /xmlrpc.php HTTP/1.1" 404 22 "-" "Mozilla/5.0 (Windows NT 10.0; Win64; x64; rv:88.0) Gecko/20100101 Firefox/88.0"
185.107.112.221 - - [02/Sep/2022:09:24:17 +0000] "POST /xmlrpc.php HTTP/1.1" 404 22 "-" "Mozilla/5.0 (Windows NT 6.1; WOW64; rv:45.0) Gecko/20100101 Firefox/45.0"
46.101.89.32 - - [02/Sep/2022:09:24:18 +0000] "POST /xmlrpc.php HTTP/1.1" 404 22 "-" "Mozilla/5.0 (Windows NT 10.0) AppleWebKit/537.36 (KHTML, like Gecko) Chrome/91.0.4472.114 Safari/537.36"
103.242.233.26 - - [02/Sep/2022:09:24:28 +0000] "POST /xmlrpc.php HTTP/1.1" 404 22 "-" "Mozilla/5.0 (Windows NT 10.0; Win64; x64) AppleWebKit/537.36 (KHTML, like Gecko) Chrome/57.0.2987.133 Safari/537.36"
165.22.211.204 - - [02/Sep/2022:09:24:38 +0000] "POST /xmlrpc.php HTTP/1.1" 404 22 "-" "Mozilla/5.0 (Windows NT 10.0; Win64; x64) AppleWebKit/537.36 (KHTML, like Gecko) Chrome/85.0.4183.102 Safari/537.36"
46.17.6.94 - - [02/Sep/2022:09:24:40 +0000] "POST /xmlrpc.php HTTP/1.1" 404 22 "-" "Mozilla/5.0 (X11; Linux x86_64) AppleWebKit/537.36 (KHTML, like Gecko) Chrome/91.0.4472.114 Safari/537.36"
45.252.251.43 - - [02/Sep/2022:09:24:49 +0000] "POST /xmlrpc.php HTTP/1.1" 404 22 "-" "Mozilla/5.0 (Linux; Android 10; SM-A102U) AppleWebKit/537.36 (KHTML, like Gecko) Chrome/91.0.4472.114 Mobile Safari/537.36"
46.17.6.94 - - [02/Sep/2022:09:24:52 +0000] "POST /xmlrpc.php HTTP/1.1" 404 22 "-" "Mozilla/5.0 (Windows NT 6.1; WOW64; rv:17.0) Gecko/20100101 Firefox/17.0"
104.248.149.160 - - [02/Sep/2022:09:25:37 +0000] "POST /xmlrpc.php HTTP/1.1" 404 22 "-" "Mozilla/5.0 (Windows NT 10.0; Win64; x64) AppleWebKit/537.36 (KHTML, like Gecko) Chrome/69.0.3497.100 Safari/537.36"
78.128.113.110 - - [02/Sep/2022:09:29:54 +0000] "GET /owa/auth/logon.aspx?replaceCurrent=1&url=https://107.175.245.18/ecp HTTP/1.1" 404 22 "-" "Mozilla/5.0 (Windows NT 5.1) AppleWebKit/537.36 (KHTML, like Gecko) Chrome/34.0.1866.237 Safari/537.36"
23.96.126.127 - - [02/Sep/2022:09:50:35 +0000] "GET /wp-admin/css/ HTTP/1.1" 422 398 "binance.com" "Mozilla/5.0 (Windows NT 10.0; Win64; x64) AppleWebKit/537.36 (KHTML, like Gecko) Chrome/90.0.4430.85 Safari/537.36"
51.222.253.20 - - [02/Sep/2022:09:50:35 +0000] "GET /security/getting-started-with-nginx-tls-and-certbot/ HTTP/2.0" 200 10288 "-" "Mozilla/5.0 (compatible; AhrefsBot/7.0; +http://ahrefs.com/robot/)"
51.222.253.18 - - [02/Sep/2022:09:50:37 +0000] "GET /static/images/2022-03-06-grade-a-ssllabs-no-hsts-no-redirect80.png HTTP/2.0" 200 35531 "-" "Mozilla/5.0 (compatible; AhrefsBot/7.0; +http://ahrefs.com/robot/)"
51.222.253.17 - - [02/Sep/2022:09:50:38 +0000] "GET /static/images/2022-03-06-az-pip-options.png HTTP/2.0" 200 22934 "-" "Mozilla/5.0 (compatible; AhrefsBot/7.0; +http://ahrefs.com/robot/)"
51.222.253.4 - - [02/Sep/2022:09:50:38 +0000] "GET /static/images/azure-vm-basics-http-ports.png HTTP/2.0" 200 9352 "-" "Mozilla/5.0 (compatible; AhrefsBot/7.0; +http://ahrefs.com/robot/)"
51.222.253.10 - - [02/Sep/2022:09:50:38 +0000] "GET /static/images/2022-03-06-az-vm-options.png HTTP/2.0" 200 13962 "-" "Mozilla/5.0 (compatible; AhrefsBot/7.0; +http://ahrefs.com/robot/)"
51.222.253.3 - - [02/Sep/2022:09:50:38 +0000] "GET /static/images/2022-03-06-grade-a-server-daten-because-hsts.png HTTP/2.0" 200 18911 "-" "Mozilla/5.0 (compatible; AhrefsBot/7.0; +http://ahrefs.com/robot/)"
51.222.253.13 - - [02/Sep/2022:09:50:44 +0000] "GET /static/images/2022-03-06-grade-b-server-daten-redirect-but-no-hsts.png HTTP/2.0" 200 17265 "-" "Mozilla/5.0 (compatible; AhrefsBot/7.0; +http://ahrefs.com/robot/)"
46.17.6.94 - - [02/Sep/2022:09:51:39 +0000] "POST /xmlrpc.php HTTP/1.1" 404 22 "-" "Mozilla/5.0 (Windows NT 6.1; WOW64; rv:40.0) Gecko/20100101 Firefox/40.1"
103.106.72.170 - - [02/Sep/2022:09:51:39 +0000] "POST /xmlrpc.php HTTP/1.1" 404 22 "-" "Mozilla/5.0 (Windows NT 10.0; Win64; x64) AppleWebKit/537.36 (KHTML, like Gecko) Chrome/80.0.3987.163 Safari/537.36"
202.226.37.79 - - [02/Sep/2022:09:51:40 +0000] "POST /xmlrpc.php HTTP/1.1" 404 22 "-" "Mozilla/5.0 (Windows NT 6.1; WOW64; rv:40.0) Gecko/20100101 Firefox/40.1"
144.208.64.245 - - [02/Sep/2022:09:51:47 +0000] "POST /xmlrpc.php HTTP/1.1" 404 22 "-" "Mozilla/5.0 (Windows NT 10.0; Win64; x64) AppleWebKit/537.36 (KHTML, like Gecko) Chrome/74.0.3729.131 Safari/537.36"
191.30.12.90 - - [02/Sep/2022:09:51:50 +0000] "POST /xmlrpc.php HTTP/1.1" 404 22 "-" "Mozilla/5.0 (Windows NT 6.3; Win64; x64; rv:73.0) Gecko/20100101 Firefox/73.0"
124.221.205.249 - - [02/Sep/2022:09:51:57 +0000] "POST /xmlrpc.php HTTP/1.1" 404 22 "-" "Mozilla/5.0 (Windows NT 10.0; Win64; x64) AppleWebKit/537.36 (KHTML, like Gecko) Chrome/87.0.4280.141 Safari/537.36"
103.112.138.19 - - [02/Sep/2022:09:51:58 +0000] "POST /xmlrpc.php HTTP/1.1" 404 22 "-" "Mozilla/5.0 (Windows NT 10.0; Win64; x64) AppleWebKit/537.36 (KHTML, like Gecko) Chrome/79.0.3945.117 Safari/537.36"
185.81.2.75 - - [02/Sep/2022:09:52:03 +0000] "POST /xmlrpc.php HTTP/1.1" 404 22 "-" "Mozilla/5.0 (Windows NT 6.1; Win64; x64; rv:57.0) Gecko/20100101 Firefox/57.0"
103.112.138.19 - - [02/Sep/2022:09:52:04 +0000] "POST /xmlrpc.php HTTP/1.1" 404 22 "-" "Mozilla/5.0 (Windows NT 10.0; Win64; x64) AppleWebKit/537.36 (KHTML, like Gecko) Chrome/90.0.4430.93 Safari/537.36"
104.248.149.160 - - [02/Sep/2022:09:52:07 +0000] "POST /xmlrpc.php HTTP/1.1" 404 22 "-" "Mozilla/5.0 (Windows NT 6.1; WOW64; rv:50.0) Gecko/20100101 Firefox/50.0"
45.200.120.200 - - [02/Sep/2022:09:52:16 +0000] "POST /xmlrpc.php HTTP/1.1" 404 22 "-" "Mozilla/5.0 (Macintosh; Intel Mac OS X 10_10; rv:33.0) Gecko/20100101 Firefox/33.0"
45.200.120.200 - - [02/Sep/2022:09:52:16 +0000] "POST /xmlrpc.php HTTP/1.1" 404 22 "-" "Mozilla/5.0 (Windows NT 10.0; WOW64; rv:54.0) Gecko/20100101 Firefox/54.0"
128.199.177.43 - - [02/Sep/2022:09:52:19 +0000] "POST /xmlrpc.php HTTP/1.1" 404 22 "-" "Mozilla/5.0 (Windows NT 6.1; Win64; x64) AppleWebKit/537.36 (KHTML, like Gecko) Chrome/79.0.3945.88 Safari/537.36"
66.249.66.197 - - [02/Sep/2022:10:04:53 +0000] "GET /feed/ HTTP/1.1" 404 22 "-" "Mozilla/5.0 (compatible; Googlebot/2.1; +http://www.google.com/bot.html)"
66.249.66.197 - - [02/Sep/2022:10:08:38 +0000] "GET /wp-content/uploads/2022/02/cropped-sb3-180x180.png HTTP/1.1" 404 22 "-" "Googlebot-Image/1.0"
45.134.144.72 - - [02/Sep/2022:10:09:53 +0000] "GET ///remote/fgt_lang?lang=/../../../..//////////dev/ HTTP/1.1" 404 22 "-" "python-requests/2.6.0 CPython/2.7.5 Linux/3.10.0-1160.el7.x86_64"
3.89.70.248 - - [02/Sep/2022:10:10:48 +0000] "GET / HTTP/1.1" 200 11580 "-" "Mozilla/5.0 (Windows NT 6.2;en-US) AppleWebKit/537.32.36 (KHTML, live Gecko) Chrome/56.0.3046.60 Safari/537.32"
3.89.70.248 - - [02/Sep/2022:10:10:49 +0000] "\x15\x03\x01\x00\x02\x02P" 400 157 "-" "-"
3.89.70.248 - - [02/Sep/2022:10:10:49 +0000] "\x15\x03\x01\x00\x02\x02P" 400 157 "-" "-"
66.249.66.197 - - [02/Sep/2022:10:15:01 +0000] "GET /wordpress/changing-wordpress-theme-twenty-twenty-one-to-astra/ HTTP/1.1" 200 13845 "-" "Mozilla/5.0 (Linux; Android 6.0.1; Nexus 5X Build/MMB29P) AppleWebKit/537.36 (KHTML, like Gecko) Chrome/104.0.5112.101 Mobile Safari/537.36 (compatible; Googlebot/2.1; +http://www.google.com/bot.html)"
103.180.121.110 - - [02/Sep/2022:10:21:09 +0000] "POST /xmlrpc.php HTTP/1.1" 404 22 "-" "Mozilla/5.0 (Windows NT 10.0; Win64; x64) AppleWebKit/537.36 (KHTML, like Gecko) Chrome/84.0.4147.135 Safari/537.36"
94.229.172.204 - - [02/Sep/2022:10:21:10 +0000] "POST /xmlrpc.php HTTP/1.1" 404 22 "-" "Mozilla/5.0 (Linux; Android 10; SM-A205U) AppleWebKit/537.36 (KHTML, like Gecko) Chrome/91.0.4472.114 Mobile Safari/537.36"
89.161.251.88 - - [02/Sep/2022:10:21:10 +0000] "POST /xmlrpc.php HTTP/1.1" 404 22 "-" "Mozilla/5.0 (Windows NT 6.1; WOW64; rv:42.0) Gecko/20100101 Firefox/42.0"
136.233.9.1 - - [02/Sep/2022:10:21:20 +0000] "POST /xmlrpc.php HTTP/1.1" 404 22 "-" "Mozilla/5.0 (Windows NT 5.1; rv:36.0) Gecko/20100101 Firefox/36.0"
103.106.72.170 - - [02/Sep/2022:10:21:21 +0000] "POST /xmlrpc.php HTTP/1.1" 404 22 "-" "Mozilla/5.0 (Windows NT 10.0; Win64; x64) AppleWebKit/537.36 (KHTML, like Gecko) Chrome/85.0.4183.121 Safari/537.36"
37.97.247.144 - - [02/Sep/2022:10:21:27 +0000] "POST /xmlrpc.php HTTP/1.1" 404 22 "-" "Mozilla/5.0 (Windows NT 10.0; Win64; x64; rv:84.0) Gecko/20100101 Firefox/84.0"
128.199.177.43 - - [02/Sep/2022:10:21:31 +0000] "POST /xmlrpc.php HTTP/1.1" 404 22 "-" "Mozilla/5.0 (Windows NT 5.1; rv:40.0) Gecko/20100101 Firefox/40.0"
188.166.245.51 - - [02/Sep/2022:10:21:34 +0000] "POST /xmlrpc.php HTTP/1.1" 404 22 "-" "Mozilla/5.0 (Windows NT 5.1; rv:30.0) Gecko/20100101 Firefox/30.0"
185.30.32.86 - - [02/Sep/2022:10:21:36 +0000] "POST /xmlrpc.php HTTP/1.1" 404 22 "-" "Mozilla/5.0 (Windows NT 10.0; WOW64; rv:54.0) Gecko/20100101 Firefox/54.0"
103.174.102.106 - - [02/Sep/2022:10:21:39 +0000] "POST /xmlrpc.php HTTP/1.1" 404 22 "-" "Mozilla/5.0 (Windows NT 5.1; rv:36.0) Gecko/20100101 Firefox/36.0"
142.93.123.130 - - [02/Sep/2022:10:21:44 +0000] "POST /xmlrpc.php HTTP/1.1" 404 22 "-" "Mozilla/5.0 (Windows NT 5.1) AppleWebKit/537.36 (KHTML, like Gecko) Chrome/46.0.2490.71 Safari/537.36"
136.233.9.1 - - [02/Sep/2022:10:21:49 +0000] "POST /xmlrpc.php HTTP/1.1" 404 22 "-" "Mozilla/5.0 (Linux; Android 10; LM-Q710(FGN)) AppleWebKit/537.36 (KHTML, like Gecko) Chrome/91.0.4472.114 Mobile Safari/537.36"
152.89.196.62 - - [02/Sep/2022:10:38:09 +0000] "GET /vendor/phpunit/phpunit/src/Util/PHP/eval-stdin.php HTTP/1.1" 404 22 "-" "Mozilla/5.0 (Windows NT 10.0; Win64; x64) AppleWebKit/537.36 (KHTML, like Gecko) Chrome/78.0.3904.108 Safari/537.36"
94.102.61.8 - - [02/Sep/2022:10:46:48 +0000] "GET /wp-content/uploads/2022/02/cropped-sb3-270x270.png HTTP/1.1" 404 22 "-" "python-requests/2.26.0"
94.102.61.8 - - [02/Sep/2022:10:46:48 +0000] "GET /wp-content/uploads/2022/02/cropped-sb3-32x32.png HTTP/1.1" 404 22 "-" "python-requests/2.26.0"
94.102.61.8 - - [02/Sep/2022:10:46:48 +0000] "GET /wp-content/uploads/2022/02/cropped-sb3-192x192.png HTTP/1.1" 404 22 "-" "python-requests/2.26.0"
94.102.61.8 - - [02/Sep/2022:10:46:49 +0000] "GET /wp-content/uploads/2022/02/cropped-sb3-180x180.png HTTP/1.1" 404 22 "-" "python-requests/2.26.0"
205.169.39.57 - - [02/Sep/2022:10:50:24 +0000] "GET / HTTP/2.0" 200 11567 "-" "Mozilla/5.0 (Windows NT 10.0; Win64; x64) AppleWebKit/537.36 (KHTML, like Gecko) Chrome/76.0.3809.71 Safari/537.36"
205.169.39.57 - - [02/Sep/2022:10:50:24 +0000] "GET /static/css/style.css HTTP/2.0" 200 820 "https://silverbullets.co.uk/" "Mozilla/5.0 (Windows NT 10.0; Win64; x64) AppleWebKit/537.36 (KHTML, like Gecko) Chrome/76.0.3809.71 Safari/537.36"
205.169.39.57 - - [02/Sep/2022:10:50:24 +0000] "GET /static/js/common_utils.js HTTP/2.0" 200 829 "https://silverbullets.co.uk/" "Mozilla/5.0 (Windows NT 10.0; Win64; x64) AppleWebKit/537.36 (KHTML, like Gecko) Chrome/76.0.3809.71 Safari/537.36"
205.169.39.57 - - [02/Sep/2022:10:50:24 +0000] "GET /static/js/menu_populators.js HTTP/2.0" 200 693 "https://silverbullets.co.uk/" "Mozilla/5.0 (Windows NT 10.0; Win64; x64) AppleWebKit/537.36 (KHTML, like Gecko) Chrome/76.0.3809.71 Safari/537.36"
205.169.39.57 - - [02/Sep/2022:10:50:24 +0000] "GET /static/css/pygstyles_default.css HTTP/2.0" 200 1175 "https://silverbullets.co.uk/" "Mozilla/5.0 (Windows NT 10.0; Win64; x64) AppleWebKit/537.36 (KHTML, like Gecko) Chrome/76.0.3809.71 Safari/537.36"
205.169.39.57 - - [02/Sep/2022:10:50:24 +0000] "GET /static/js/navigate_summaries.js HTTP/2.0" 200 513 "https://silverbullets.co.uk/" "Mozilla/5.0 (Windows NT 10.0; Win64; x64) AppleWebKit/537.36 (KHTML, like Gecko) Chrome/76.0.3809.71 Safari/537.36"
37.97.247.144 - - [02/Sep/2022:10:53:55 +0000] "POST /xmlrpc.php HTTP/1.1" 404 22 "-" "Mozilla/5.0 (Windows NT 10.0; Win64; x64; rv:59.0) Gecko/20100101 Firefox/59.0"
103.112.138.19 - - [02/Sep/2022:10:53:58 +0000] "POST /xmlrpc.php HTTP/1.1" 404 22 "-" "Mozilla/5.0 (Windows NT 10.0; Win64; x64) AppleWebKit/537.36 (KHTML, like Gecko) Chrome/78.0.3904.108 Safari/537.36"
45.252.248.52 - - [02/Sep/2022:10:54:02 +0000] "POST /xmlrpc.php HTTP/1.1" 404 22 "-" "Mozilla/5.0 (Windows NT 10.0; Win64; x64; rv:67.0) Gecko/20100101 Firefox/67.0"
103.242.233.26 - - [02/Sep/2022:10:54:06 +0000] "POST /xmlrpc.php HTTP/1.1" 404 22 "-" "Mozilla/5.0 (Windows NT 10.0; WOW64; rv:50.0) Gecko/20100101 Firefox/50.0"
119.23.19.144 - - [02/Sep/2022:10:54:11 +0000] "POST /xmlrpc.php HTTP/1.1" 404 22 "-" "Mozilla/5.0 (Windows NT 6.1; WOW64; rv:52.0) Gecko/20100101 Firefox/52.0"
103.242.233.26 - - [02/Sep/2022:10:54:17 +0000] "POST /xmlrpc.php HTTP/1.1" 404 22 "-" "Mozilla/5.0 (Windows NT 10.0; Win64; x64; rv:63.0) Gecko/20100101 Firefox/63.0"
159.69.157.235 - - [02/Sep/2022:10:54:21 +0000] "POST /xmlrpc.php HTTP/1.1" 404 22 "-" "Mozilla/5.0 (Windows NT 5.1; rv:30.0) Gecko/20100101 Firefox/30.0"
144.208.64.245 - - [02/Sep/2022:10:54:25 +0000] "POST /xmlrpc.php HTTP/1.1" 404 22 "-" "Mozilla/5.0 (Windows NT 10.0; Win64; x64; rv:59.0) Gecko/20100101 Firefox/59.0"
128.127.106.229 - - [02/Sep/2022:10:54:26 +0000] "POST /xmlrpc.php HTTP/1.1" 404 22 "-" "Mozilla/5.0 (Windows NT 10.0; Win64; x64; rv:66.0) Gecko/20100101 Firefox/66.0"
103.180.121.110 - - [02/Sep/2022:10:54:29 +0000] "POST /xmlrpc.php HTTP/1.1" 404 22 "-" "Mozilla/5.0 (iPod; CPU iPhone OS 14_6 like Mac OS X) AppleWebKit/605.1.15 (KHTML, like Gecko) CriOS/91.0.4472.80 Mobile/15E148 Safari/604.1"
103.180.121.110 - - [02/Sep/2022:10:54:36 +0000] "POST /xmlrpc.php HTTP/1.1" 404 22 "-" "Mozilla/5.0 (iPhone; CPU iPhone OS 14_6 like Mac OS X) AppleWebKit/605.1.15 (KHTML, like Gecko) CriOS/91.0.4472.80 Mobile/15E148 Safari/604.1"
66.249.66.195 - - [02/Sep/2022:11:03:44 +0000] "GET /feed/ HTTP/1.1" 404 22 "-" "Mozilla/5.0 (compatible; Googlebot/2.1; +http://www.google.com/bot.html)"
159.89.45.15 - - [02/Sep/2022:11:11:03 +0000] "GET / HTTP/1.1" 200 7954 "-" "Mozilla/5.0 (Macintosh; Intel Mac OS X 10_15_2) AppleWebKit/537.36 (KHTML, like Gecko) Chrome/79.0.3945.88 Safari/537.36"
143.110.180.247 - - [02/Sep/2022:11:28:03 +0000] "POST /xmlrpc.php HTTP/1.1" 404 22 "-" "Mozilla/5.0 (Windows NT 10.0; Win64; x64) AppleWebKit/537.36 (KHTML, like Gecko) Chrome/90.0.4430.93 Safari/537.36"
47.52.167.0 - - [02/Sep/2022:11:28:06 +0000] "POST /xmlrpc.php HTTP/1.1" 404 22 "-" "Mozilla/5.0 (Windows NT 10.0; Win64; x64; rv:66.0) Gecko/20100101 Firefox/66.0"
103.112.138.19 - - [02/Sep/2022:11:28:11 +0000] "POST /xmlrpc.php HTTP/1.1" 404 22 "-" "Mozilla/5.0 (Windows NT 10.0; Win64; x64; rv:63.0) Gecko/20100101 Firefox/63.0"
94.229.172.204 - - [02/Sep/2022:11:28:12 +0000] "POST /xmlrpc.php HTTP/1.1" 404 22 "-" "Mozilla/5.0 (Windows NT 6.3; Win64; x64; rv:73.0) Gecko/20100101 Firefox/73.0"
37.97.247.144 - - [02/Sep/2022:11:28:18 +0000] "POST /xmlrpc.php HTTP/1.1" 404 22 "-" "Mozilla/5.0 (Windows NT 6.1; WOW64; rv:17.0) Gecko/20100101 Firefox/17.0"
89.161.251.88 - - [02/Sep/2022:11:28:20 +0000] "POST /xmlrpc.php HTTP/1.1" 404 22 "-" "Mozilla/5.0 (Windows NT 10.0; Win64; x64) AppleWebKit/537.36 (KHTML, like Gecko) Chrome/65.0.3325.181 Safari/537.36"
185.30.32.86 - - [02/Sep/2022:11:28:28 +0000] "POST /xmlrpc.php HTTP/1.1" 404 22 "-" "Mozilla/5.0 (Windows NT 10.0; Win64; x64; rv:66.0) Gecko/20100101 Firefox/66.0"
64.62.197.182 - - [02/Sep/2022:11:29:00 +0000] "GET / HTTP/1.1" 200 18876 "-" "-"
185.180.143.135 - - [02/Sep/2022:11:36:50 +0000] "GET / HTTP/1.1" 200 11863 "-" "Mozilla/5.0 (Windows NT 10.0; Win64; x64) AppleWebKit/537.36 (KHTML, like Gecko) Chrome/60.0.3112.113 Safari/537.36"
37.139.53.85 - - [02/Sep/2022:11:39:23 +0000] "GET /ci-cd/migrating-wordpress-lost-connection-to-mysql-server-during-query/ HTTP/1.0" 200 24987 "https://silverbullets.co.uk/ci-cd/migrating-wordpress-lost-connection-to-mysql-server-during-query/" "Mozilla/5.0 (Windows NT 10.0; Win64; x64) AppleWebKit/537.36 (KHTML, like Gecko) Chrome/83.0.4103.61 Safari/537.36"
209.141.35.128 - - [02/Sep/2022:11:40:46 +0000] "GET / HTTP/1.1" 200 11863 "http://silverbullets.co.uk" "Mozilla/5.0 (Macintosh; Intel Mac OS X 10_15_7) AppleWebKit/537.36 (KHTML, like Gecko) Chrome/96.0.4664.110 Safari/537.36"
66.249.66.197 - - [02/Sep/2022:11:45:01 +0000] "GET /category/compsci/ HTTP/1.1" 422 398 "-" "Mozilla/5.0 (compatible; Googlebot/2.1; +http://www.google.com/bot.html)"
46.101.89.32 - - [02/Sep/2022:12:04:02 +0000] "POST /xmlrpc.php HTTP/1.1" 404 22 "-" "Mozilla/5.0 (Windows NT 10.0; Win64; x64) AppleWebKit/537.36 (KHTML, like Gecko) Chrome/89.0.4389.90 Safari/537.36"
45.200.120.200 - - [02/Sep/2022:12:04:08 +0000] "POST /xmlrpc.php HTTP/1.1" 404 22 "-" "Mozilla/5.0 (Linux; Android 10) AppleWebKit/537.36 (KHTML, like Gecko) Chrome/91.0.4472.114 Mobile Safari/537.36"
54.37.121.239 - - [02/Sep/2022:12:04:12 +0000] "POST /xmlrpc.php HTTP/1.1" 404 22 "-" "Mozilla/5.0 (Windows NT 6.1; Win64; x64; rv:57.0) Gecko/20100101 Firefox/57.0"
195.36.13.69 - - [02/Sep/2022:12:04:13 +0000] "POST /xmlrpc.php HTTP/1.1" 404 22 "-" "Mozilla/5.0 (Windows; U; Windows NT 5.1; en-US; rv:1.7.10) Gecko/20050716 Firefox/1.0.6"
88.198.48.118 - - [02/Sep/2022:12:04:14 +0000] "POST /xmlrpc.php HTTP/1.1" 404 22 "-" "Mozilla/5.0 (Windows NT 10.0; Win64; x64) AppleWebKit/537.36 (KHTML, like Gecko) Chrome/84.0.4147.105 Safari/537.36"
103.117.212.238 - - [02/Sep/2022:12:04:18 +0000] "POST /xmlrpc.php HTTP/1.1" 404 22 "-" "Mozilla/5.0 (Windows NT 6.1; Win64; x64) AppleWebKit/537.36 (KHTML, like Gecko) Chrome/60.0.3112.90 Safari/537.36"
191.30.12.90 - - [02/Sep/2022:12:04:23 +0000] "POST /xmlrpc.php HTTP/1.1" 404 22 "-" "Mozilla/5.0 (Windows NT 6.1; WOW64; rv:18.0) Gecko/20100101 Firefox/18.0"
165.22.211.204 - - [02/Sep/2022:12:04:27 +0000] "POST /xmlrpc.php HTTP/1.1" 404 22 "-" "Mozilla/5.0 (Windows NT 10.0; Win64; x64) AppleWebKit/537.36 (KHTML, like Gecko) Chrome/70.0.3538.102 Safari/537.36"
82.116.210.2 - - [02/Sep/2022:12:04:27 +0000] "POST /xmlrpc.php HTTP/1.1" 404 22 "-" "Mozilla/5.0 (Windows NT 10.0; Win64; x64) AppleWebKit/537.36 (KHTML, like Gecko) Chrome/80.0.3987.149 Safari/537.36"
94.229.172.204 - - [02/Sep/2022:12:04:28 +0000] "POST /xmlrpc.php HTTP/1.1" 404 22 "-" "Mozilla/5.0 (Windows NT 10.0; Win64; x64) AppleWebKit/537.36 (KHTML, like Gecko) Chrome/83.0.4103.116 Safari/537.36"
103.112.138.19 - - [02/Sep/2022:12:04:36 +0000] "POST /xmlrpc.php HTTP/1.1" 404 22 "-" "Mozilla/5.0 (Windows NT 5.1; Win64; x64) AppleWebKit/537.36 (KHTML, like Gecko) Chrome/60.0.3112.90 Safari/537.36"
51.178.146.199 - - [02/Sep/2022:12:04:48 +0000] "POST /xmlrpc.php HTTP/1.1" 404 22 "-" "Mozilla/5.0 (Windows NT 5.1; rv:40.0) Gecko/20100101 Firefox/40.0"
46.17.6.94 - - [02/Sep/2022:12:04:49 +0000] "POST /xmlrpc.php HTTP/1.1" 404 22 "-" "Mozilla/5.0 (Windows NT 10.0; Win64; x64) AppleWebKit/537.36 (KHTML, like Gecko) Chrome/79.0.3945.117 Safari/537.36"
114.119.132.18 - - [02/Sep/2022:12:05:02 +0000] "GET /static/images/2022-03-06-az-vm-options.png HTTP/1.1" 200 13962 "https://silverbullets.co.uk/security/getting-started-with-nginx-tls-and-certbot/" "Mozilla/5.0 (Linux; Android 7.0;) AppleWebKit/537.36 (KHTML, like Gecko) Mobile Safari/537.36 (compatible; PetalBot;+https://webmaster.petalsearch.com/site/petalbot)"
192.241.192.118 - - [02/Sep/2022:12:15:49 +0000] "GET /owa/auth/logon.aspx HTTP/1.1" 404 22 "-" "Mozilla/5.0 zgrab/0.x"
198.199.111.117 - - [02/Sep/2022:12:18:54 +0000] "GET /owa/auth/x.js HTTP/1.1" 404 22 "-" "Mozilla/5.0 zgrab/0.x"
152.89.196.62 - - [02/Sep/2022:12:19:13 +0000] "GET /index.php?s=/Index/\x5Cthink\x5Capp/invokefunction&function=call_user_func_array&vars[0]=md5&vars[1][]=HelloThinkPHP21 HTTP/1.1" 404 22 "-" "Mozilla/5.0 (Windows NT 10.0; Win64; x64) AppleWebKit/537.36 (KHTML, like Gecko) Chrome/78.0.3904.108 Safari/537.36"
192.241.201.228 - - [02/Sep/2022:12:19:33 +0000] "GET /ecp/Current/exporttool/microsoft.exchange.ediscovery.exporttool.application HTTP/1.1" 404 22 "-" "Mozilla/5.0 zgrab/0.x"
114.119.132.18 - - [02/Sep/2022:12:38:11 +0000] "GET /networking/assign-an-ip-to-a-vagrant-vm/ HTTP/1.1" 200 7496 "https://silverbullets.co.uk/tag/vagrant/" "Mozilla/5.0 (Linux; Android 7.0;) AppleWebKit/537.36 (KHTML, like Gecko) Mobile Safari/537.36 (compatible; PetalBot;+https://webmaster.petalsearch.com/site/petalbot)"
45.200.120.200 - - [02/Sep/2022:12:42:29 +0000] "POST /xmlrpc.php HTTP/1.1" 404 22 "-" "Mozilla/5.0 (Windows NT 10.0; Win64; x64) AppleWebKit/537.36 (KHTML, like Gecko) Chrome/61.0.3163.100 Safari/537.36"
92.204.55.163 - - [02/Sep/2022:12:42:29 +0000] "POST /xmlrpc.php HTTP/1.1" 404 22 "-" "Mozilla/5.0 (Windows NT 6.1; rv:52.0) Gecko/20100101 Firefox/52.0"
128.127.106.229 - - [02/Sep/2022:12:42:33 +0000] "POST /xmlrpc.php HTTP/1.1" 404 22 "-" "Mozilla/5.0 (Windows NT 5.1; rv:52.0) Gecko/20100101 Firefox/52.0"
128.199.177.43 - - [02/Sep/2022:12:42:37 +0000] "POST /xmlrpc.php HTTP/1.1" 404 22 "-" "Mozilla/5.0 (Windows NT 6.1; Win64; x64) AppleWebKit/537.36 (KHTML, like Gecko) Chrome/60.0.3112.90 Safari/537.36"
202.226.37.79 - - [02/Sep/2022:12:42:42 +0000] "POST /xmlrpc.php HTTP/1.1" 404 22 "-" "Mozilla/5.0 (Windows NT 6.1; rv:52.0) Gecko/20100101 Firefox/52.0"
136.233.9.1 - - [02/Sep/2022:12:42:44 +0000] "POST /xmlrpc.php HTTP/1.1" 404 22 "-" "Mozilla/5.0 (Windows NT 10.0; Win64; x64) AppleWebKit/537.36 (KHTML, like Gecko) Chrome/79.0.3945.130 Safari/537.36"
47.241.3.166 - - [02/Sep/2022:12:42:49 +0000] "POST /xmlrpc.php HTTP/1.1" 404 22 "-" "Mozilla/5.0 (Windows NT 10.0; Win64; x64; rv:66.0) Gecko/20100101 Firefox/66.0"
47.52.167.0 - - [02/Sep/2022:12:42:55 +0000] "POST /xmlrpc.php HTTP/1.1" 404 22 "-" "Mozilla/5.0 (Linux; Android 10; SM-A205U) AppleWebKit/537.36 (KHTML, like Gecko) Chrome/91.0.4472.114 Mobile Safari/537.36"
103.233.1.95 - - [02/Sep/2022:12:42:56 +0000] "POST /xmlrpc.php HTTP/1.1" 404 22 "-" "Mozilla/5.0 (Windows NT 10.0; Win64; x64; rv:59.0) Gecko/20100101 Firefox/59.0"
188.166.245.51 - - [02/Sep/2022:12:42:57 +0000] "POST /xmlrpc.php HTTP/1.1" 404 22 "-" "Mozilla/5.0 (Windows NT 10.0; Win64; x64) AppleWebKit/537.36 (KHTML, like Gecko) Chrome/69.0.3497.100 Safari/537.36"
152.89.196.62 - - [02/Sep/2022:12:44:14 +0000] "GET /?XDEBUG_SESSION_START=phpstorm HTTP/1.1" 200 11863 "-" "Mozilla/5.0 (Windows NT 10.0; Win64; x64) AppleWebKit/537.36 (KHTML, like Gecko) Chrome/78.0.3904.108 Safari/537.36"
66.249.66.197 - - [02/Sep/2022:12:46:31 +0000] "GET /feed/ HTTP/1.1" 404 22 "-" "Mozilla/5.0 (compatible; Googlebot/2.1; +http://www.google.com/bot.html)"
114.119.132.18 - - [02/Sep/2022:12:47:04 +0000] "GET /wordpress/wordpress-image-resizing-png-jpg-and-webp/ HTTP/1.1" 200 13005 "https://silverbullets.co.uk/2022/03/" "Mozilla/5.0 (Linux; Android 7.0;) AppleWebKit/537.36 (KHTML, like Gecko) Mobile Safari/537.36 (compatible; PetalBot;+https://webmaster.petalsearch.com/site/petalbot)"
114.119.132.18 - - [02/Sep/2022:12:55:08 +0000] "GET /networking/packet-sniffing-my-lan/ HTTP/1.1" 200 6612 "https://silverbullets.co.uk/2021/08/" "Mozilla/5.0 (Linux; Android 7.0;) AppleWebKit/537.36 (KHTML, like Gecko) Mobile Safari/537.36 (compatible; PetalBot;+https://webmaster.petalsearch.com/site/petalbot)"
66.249.66.195 - - [02/Sep/2022:12:58:56 +0000] "GET /feed/ HTTP/1.1" 404 22 "-" "Mozilla/5.0 (compatible; Googlebot/2.1; +http://www.google.com/bot.html)"
114.119.132.18 - - [02/Sep/2022:13:07:12 +0000] "GET /category/docker/ HTTP/1.1" 422 398 "https://silverbullets.co.uk/compsci/networking/assign-an-ip-to-a-vagrant-vm/" "Mozilla/5.0 (Linux; Android 7.0;) AppleWebKit/537.36 (KHTML, like Gecko) Mobile Safari/537.36 (compatible; PetalBot;+https://webmaster.petalsearch.com/site/petalbot)"
66.249.66.197 - - [02/Sep/2022:13:10:15 +0000] "GET /wp-sitemap-taxonomies-category-1.xml HTTP/1.1" 404 22 "-" "Mozilla/5.0 (compatible; Googlebot/2.1; +http://www.google.com/bot.html)"
88.198.48.118 - - [02/Sep/2022:13:12:47 +0000] "POST /xmlrpc.php HTTP/1.1" 404 22 "-" "Mozilla/5.0 (Windows NT 10.0) AppleWebKit/537.36 (KHTML, like Gecko) Chrome/91.0.4472.114 Safari/537.36"
45.200.120.200 - - [02/Sep/2022:13:12:53 +0000] "POST /xmlrpc.php HTTP/1.1" 404 22 "-" "Mozilla/5.0 (Windows NT 10.0; Win64; x64) AppleWebKit/537.36 (KHTML, like Gecko) Chrome/85.0.4183.121 Safari/537.36"
45.200.120.200 - - [02/Sep/2022:13:12:55 +0000] "POST /xmlrpc.php HTTP/1.1" 404 22 "-" "Mozilla/5.0 (Windows NT 6.1; WOW64; rv:18.0) Gecko/20100101 Firefox/18.0"
5.135.141.158 - - [02/Sep/2022:13:12:55 +0000] "POST /xmlrpc.php HTTP/1.1" 404 22 "-" "Mozilla/5.0 (Windows; U; Windows NT 5.1; en-US; rv:1.7.12) Gecko/20050915 Firefox/1.0.7"
128.127.106.229 - - [02/Sep/2022:13:13:00 +0000] "POST /xmlrpc.php HTTP/1.1" 404 22 "-" "Mozilla/5.0 (Windows NT 10.0; Win64; x64; rv:78.0) Gecko/20100101 Firefox/78.0"
94.229.172.204 - - [02/Sep/2022:13:13:06 +0000] "POST /xmlrpc.php HTTP/1.1" 404 22 "-" "Mozilla/5.0 (Windows NT 10.0; Win64; x64) AppleWebKit/537.36 (KHTML, like Gecko) Chrome/80.0.3987.132 Safari/537.36"
46.17.6.94 - - [02/Sep/2022:13:13:09 +0000] "POST /xmlrpc.php HTTP/1.1" 404 22 "-" "Mozilla/5.0 (Windows NT 10.0; Win64; x64; rv:58.0) Gecko/20100101 Firefox/58.0"
45.200.120.200 - - [02/Sep/2022:13:13:09 +0000] "POST /xmlrpc.php HTTP/1.1" 404 22 "-" "Mozilla/5.0 (Windows NT 10.0; Win64; x64; rv:57.0) Gecko/20100101 Firefox/57.0"
94.229.172.204 - - [02/Sep/2022:13:13:11 +0000] "POST /xmlrpc.php HTTP/1.1" 404 22 "-" "Mozilla/5.0 (Windows NT 10.0; Win64; x64) AppleWebKit/537.36 (KHTML, like Gecko) Chrome/80.0.3987.163 Safari/537.36"
82.116.210.2 - - [02/Sep/2022:13:13:15 +0000] "POST /xmlrpc.php HTTP/1.1" 404 22 "-" "Mozilla/5.0 (Windows NT 10.0; WOW64; rv:54.0) Gecko/20100101 Firefox/54.0"
47.241.3.166 - - [02/Sep/2022:13:13:21 +0000] "POST /xmlrpc.php HTTP/1.1" 404 22 "-" "Mozilla/5.0 (Windows NT 10.0; Win64; x64) AppleWebKit/537.36 (KHTML, like Gecko) Chrome/87.0.4280.88 Safari/537.36"
103.106.72.170 - - [02/Sep/2022:13:13:28 +0000] "POST /xmlrpc.php HTTP/1.1" 404 22 "-" "Mozilla/5.0 (Windows NT 6.0; rv:34.0) Gecko/20100101 Firefox/34.0"
152.89.196.62 - - [02/Sep/2022:13:27:29 +0000] "POST /mifs/.;/services/LogService HTTP/1.1" 404 22 "https://107.175.245.18:443" "Mozilla/5.0 (Windows NT 10.0; Win64; x64) AppleWebKit/537.36 (KHTML, like Gecko) Chrome/78.0.3904.108 Safari/537.36"
213.147.125.107 - - [02/Sep/2022:13:42:48 +0000] "POST /xmlrpc.php HTTP/1.1" 404 22 "-" "Mozilla/5.0 (Windows NT 6.2; Win64; x64) AppleWebKit/537.36 (KHTML, like Gecko) Chrome/60.0.3112.90 Safari/537.36"
104.248.149.160 - - [02/Sep/2022:13:42:51 +0000] "POST /xmlrpc.php HTTP/1.1" 404 22 "-" "Mozilla/5.0 (Windows NT 6.1; WOW64; rv:17.0) Gecko/20100101 Firefox/17.0"
103.106.72.170 - - [02/Sep/2022:13:42:55 +0000] "POST /xmlrpc.php HTTP/1.1" 404 22 "-" "Mozilla/5.0 (Windows NT 10.0; Win64; x64) AppleWebKit/537.36 (KHTML, like Gecko) Chrome/89.0.4389.90 Safari/537.36"
46.17.6.94 - - [02/Sep/2022:13:43:00 +0000] "POST /xmlrpc.php HTTP/1.1" 404 22 "-" "Mozilla/5.0 (Windows NT 10.0; Win64; x64) AppleWebKit/537.36 (KHTML, like Gecko) Chrome/85.0.4183.121 Safari/537.36"
103.145.50.139 - - [02/Sep/2022:13:43:06 +0000] "POST /xmlrpc.php HTTP/1.1" 404 22 "-" "Mozilla/5.0 (Windows; U; Windows NT 5.1; en-US; rv:1.7.5) Gecko/20041107 Firefox/1.0"
46.17.6.94 - - [02/Sep/2022:13:43:08 +0000] "POST /xmlrpc.php HTTP/1.1" 404 22 "-" "Mozilla/5.0 (Windows NT 6.1) AppleWebKit/537.36 (KHTML, like Gecko) Chrome/56.0.2924.76 Safari/537.36"
94.229.172.204 - - [02/Sep/2022:13:43:09 +0000] "POST /xmlrpc.php HTTP/1.1" 404 22 "-" "Mozilla/5.0 (Windows NT 10.0) AppleWebKit/537.36 (KHTML, like Gecko) Chrome/72.0.3626.121 Safari/537.36"
136.233.9.1 - - [02/Sep/2022:13:43:17 +0000] "POST /xmlrpc.php HTTP/1.1" 404 22 "-" "Mozilla/5.0 (Macintosh; Intel Mac OS X 11_4) AppleWebKit/537.36 (KHTML, like Gecko) Chrome/91.0.4472.114 Safari/537.36"
46.17.6.94 - - [02/Sep/2022:13:43:19 +0000] "POST /xmlrpc.php HTTP/1.1" 404 22 "-" "Mozilla/5.0 (Windows NT 10.0; Win64; x64) AppleWebKit/537.36 (KHTML, like Gecko) Chrome/79.0.3945.130 Safari/537.36"
37.139.53.85 - - [02/Sep/2022:13:46:39 +0000] "GET /ci-cd/migrating-wordpress-lost-connection-to-mysql-server-during-query/ HTTP/1.0" 200 24987 "https://silverbullets.co.uk/ci-cd/migrating-wordpress-lost-connection-to-mysql-server-during-query/" "Mozilla/5.0 (Windows NT 6.1; ) AppleWebKit/537.36 (KHTML, like Gecko) Chrome/83.0.4103.61 Safari/537.36"
147.78.47.233 - - [02/Sep/2022:13:58:15 +0000] "GET /wp-login.php HTTP/1.1" 404 22 "http://silverbullets.co.uk/wp-login.php" "Mozilla/5.0 (Windows NT 10.0; Win64; x64) AppleWebKit/537.36 (KHTML, like Gecko) Chrome/64.0.3282.140 Safari/537.36 Edge/18.17763"
66.249.66.195 - - [02/Sep/2022:14:05:51 +0000] "GET /feed/ HTTP/1.1" 404 22 "-" "Mozilla/5.0 (compatible; Googlebot/2.1; +http://www.google.com/bot.html)"
207.46.13.24 - - [02/Sep/2022:14:08:52 +0000] "GET / HTTP/2.0" 301 169 "-" "Mozilla/5.0 (compatible; bingbot/2.0; +http://www.bing.com/bingbot.htm)"
152.89.196.23 - - [02/Sep/2022:14:13:01 +0000] "GET /remote/fgt_lang?lang=/../../../..//////////dev/cmdb/sslvpn_websession HTTP/1.1" 422 398 "-" "Python-urllib/3.8"
119.23.19.144 - - [02/Sep/2022:14:18:04 +0000] "POST /xmlrpc.php HTTP/1.1" 404 22 "-" "Mozilla/5.0 (Windows NT 10.0; Win64; x64) AppleWebKit/537.36 (KHTML, like Gecko) Chrome/70.0.3538.102 Safari/537.36"
136.233.9.1 - - [02/Sep/2022:14:18:07 +0000] "POST /xmlrpc.php HTTP/1.1" 404 22 "-" "Mozilla/5.0 (Windows NT 6.1; WOW64; rv:54.0) Gecko/20100101 Firefox/54.0"
165.22.211.204 - - [02/Sep/2022:14:18:08 +0000] "POST /xmlrpc.php HTTP/1.1" 404 22 "-" "Mozilla/5.0 (Windows NT 6.1; Win64; x64) AppleWebKit/537.36 (KHTML, like Gecko) Chrome/60.0.3112.90 Safari/537.36"
94.229.172.204 - - [02/Sep/2022:14:18:10 +0000] "POST /xmlrpc.php HTTP/1.1" 404 22 "-" "Mozilla/5.0 (Windows NT 10.0; Win64; x64) AppleWebKit/537.36 (KHTML, like Gecko) Chrome/90.0.4430.212 Safari/537.36"
45.200.120.200 - - [02/Sep/2022:14:18:17 +0000] "POST /xmlrpc.php HTTP/1.1" 404 22 "-" "Mozilla/5.0 (Linux; Android 10; SM-G960U) AppleWebKit/537.36 (KHTML, like Gecko) Chrome/91.0.4472.114 Mobile Safari/537.36"
188.166.245.51 - - [02/Sep/2022:14:18:22 +0000] "POST /xmlrpc.php HTTP/1.1" 404 22 "-" "Mozilla/5.0 (Windows NT 6.1; WOW64; rv:38.0) Gecko/20100101 Firefox/38.0"
45.252.248.52 - - [02/Sep/2022:14:18:24 +0000] "POST /xmlrpc.php HTTP/1.1" 404 22 "-" "Mozilla/5.0 (Windows NT 10.0; Win64; x64) AppleWebKit/537.36 (KHTML, like Gecko) Chrome/80.0.3987.163 Safari/537.36"
128.199.177.43 - - [02/Sep/2022:14:18:26 +0000] "POST /xmlrpc.php HTTP/1.1" 404 22 "-" "Mozilla/5.0 (Linux; Android 6.0.1; RedMi Note 5 Build/RB3N5C; wv) AppleWebKit/537.36 (KHTML, like Gecko) Version/4.0 Chrome/68.0.3440.91 Mobile Safari/537.36"
47.241.3.166 - - [02/Sep/2022:14:18:27 +0000] "POST /xmlrpc.php HTTP/1.1" 404 22 "-" "Mozilla/5.0 (Windows NT 10.0) AppleWebKit/537.36 (KHTML, like Gecko) Chrome/91.0.4472.114 Safari/537.36"
45.200.120.200 - - [02/Sep/2022:14:18:30 +0000] "POST /xmlrpc.php HTTP/1.1" 404 22 "-" "Mozilla/5.0 (Windows NT 10.0; Win64; x64; rv:61.0) Gecko/20100101 Firefox/61.0"
144.126.211.238 - - [02/Sep/2022:14:18:38 +0000] "POST /xmlrpc.php HTTP/1.1" 404 22 "-" "Mozilla/5.0 (Windows NT 10.0; WOW64; rv:50.0) Gecko/20100101 Firefox/50.0"
47.241.3.166 - - [02/Sep/2022:14:18:40 +0000] "POST /xmlrpc.php HTTP/1.1" 404 22 "-" "Mozilla/5.0 (Windows NT 6.1; WOW64; rv:40.0) Gecko/20100101 Firefox/40.1"
51.68.11.199 - - [02/Sep/2022:14:18:44 +0000] "POST /xmlrpc.php HTTP/1.1" 404 22 "-" "Mozilla/5.0 (Windows NT 10.0; Win64; x64; rv:59.0) Gecko/20100101 Firefox/59.0"
94.229.172.204 - - [02/Sep/2022:14:18:48 +0000] "POST /xmlrpc.php HTTP/1.1" 404 22 "-" "Mozilla/5.0 (Windows NT 10.0; Win64; x64; rv:85.0) Gecko/20100101 Firefox/85.0"
45.200.120.200 - - [02/Sep/2022:14:18:50 +0000] "POST /xmlrpc.php HTTP/1.1" 404 22 "-" "Mozilla/5.0 (Windows NT 6.1; WOW64) AppleWebKit/537.1 (KHTML, like Gecko) Chrome/21.0.1180.83 Safari/537.1"
136.233.9.1 - - [02/Sep/2022:14:18:57 +0000] "POST /xmlrpc.php HTTP/1.1" 404 22 "-" "Mozilla/5.0 (Windows NT 10.0; Win64; x64) AppleWebKit/537.36 (KHTML, like Gecko) Chrome/87.0.4280.141 Safari/537.36"
88.198.48.118 - - [02/Sep/2022:14:54:20 +0000] "POST /xmlrpc.php HTTP/1.1" 404 22 "-" "Mozilla/5.0 (Linux; Android 10) AppleWebKit/537.36 (KHTML, like Gecko) Chrome/91.0.4472.114 Mobile Safari/537.36"
146.56.117.106 - - [02/Sep/2022:14:54:27 +0000] "POST /xmlrpc.php HTTP/1.1" 404 22 "-" "Mozilla/5.0 (Windows NT 10.0; Win64; x64; rv:67.0) Gecko/20100101 Firefox/67.0"
47.241.3.166 - - [02/Sep/2022:14:54:29 +0000] "POST /xmlrpc.php HTTP/1.1" 404 22 "-" "Mozilla/5.0 (Windows NT 6.1; Win64; x64; rv:61.0) Gecko/20100101 Firefox/61.0"
46.17.6.94 - - [02/Sep/2022:14:54:33 +0000] "POST /xmlrpc.php HTTP/1.1" 404 22 "-" "Mozilla/5.0 (Windows NT 10.0) AppleWebKit/537.36 (KHTML, like Gecko) Chrome/72.0.3626.121 Safari/537.36"
91.134.248.211 - - [02/Sep/2022:14:54:35 +0000] "POST /xmlrpc.php HTTP/1.1" 404 22 "-" "Mozilla/5.0 (Windows NT 10.0; Win64; x64; rv:66.0) Gecko/20100101 Firefox/66.0"
144.208.64.245 - - [02/Sep/2022:14:54:38 +0000] "POST /xmlrpc.php HTTP/1.1" 404 22 "-" "Mozilla/5.0 (Windows NT 10.0; Win64; x64) AppleWebKit/537.36 (KHTML, like Gecko) Chrome/88.0.4324.104 Safari/537.36"
51.178.146.199 - - [02/Sep/2022:14:54:41 +0000] "POST /xmlrpc.php HTTP/1.1" 404 22 "-" "Mozilla/5.0 (Windows NT 6.1; Win64; x64) AppleWebKit/537.36 (KHTML, like Gecko) Chrome/63.0.3239.132 Safari/537.36"
103.117.212.238 - - [02/Sep/2022:14:54:42 +0000] "POST /xmlrpc.php HTTP/1.1" 404 22 "-" "Mozilla/5.0 (Windows NT 10.0; Win64; x64) AppleWebKit/537.36 (KHTML, like Gecko) Chrome/91.0.4472.114 Safari/537.36"
89.161.251.88 - - [02/Sep/2022:14:54:48 +0000] "POST /xmlrpc.php HTTP/1.1" 404 22 "-" "Mozilla/5.0 (Windows NT 10.0; Win64; x64) AppleWebKit/537.36 (KHTML, like Gecko) Chrome/79.0.3945.130 Safari/537.36"
88.198.48.118 - - [02/Sep/2022:14:54:50 +0000] "POST /xmlrpc.php HTTP/1.1" 404 22 "-" "Mozilla/5.0 (Windows NT 10.0; Win64; x64) AppleWebKit/537.36 (KHTML, like Gecko) Chrome/91.0.4472.114 Safari/537.36"
94.229.172.204 - - [02/Sep/2022:14:54:51 +0000] "POST /xmlrpc.php HTTP/1.1" 404 22 "-" "Mozilla/5.0 (Windows NT 10.0; WOW64; rv:50.0) Gecko/20100101 Firefox/50.0"
